2026-03-09 11:46:44,343 [INFO] AlarmSystem initialized on Windows
2026-03-09 11:49:20,152 [INFO] AlarmSystem initialized on Windows
2026-03-09 11:49:20,154 [INFO] Mengunduh model MediaPipe face_landmarker.task ...
2026-03-09 11:49:22,401 [INFO] Model berhasil diunduh: models\face_landmarker.task
2026-03-09 11:49:22,466 [INFO] DrowsinessDetector siap.
2026-03-09 11:49:22,466 [INFO] Platform: Windows
2026-03-09 11:49:32,877 [INFO] Kamera berhasil dibuka: 640x480
2026-03-09 11:49:33,291 [INFO] Sistem berjalan. Tekan 'q' untuk keluar, 'r' reset counter, 's' screenshot, 'l' toggle landmarks
2026-03-09 11:49:36,723 [INFO] Kalibrasi selesai. Baseline EAR=0.318, Threshold=0.239
2026-03-09 11:49:49,550 [WARNING] Kantuk terdeteksi! EAR=0.243 selama 150 frame
2026-03-09 11:49:50,460 [WARNING] Kantuk terdeteksi! EAR=0.245 selama 26 frame
2026-03-09 11:50:05,116 [WARNING] Kantuk terdeteksi! EAR=0.262 selama 53 frame
2026-03-09 11:50:13,651 [WARNING] Kantuk terdeteksi! EAR=0.256 selama 25 frame
2026-03-09 11:50:18,521 [WARNING] Kantuk terdeteksi! EAR=0.260 selama 24 frame
2026-03-09 11:50:31,473 [WARNING] Kantuk terdeteksi! EAR=0.257 selama 30 frame
2026-03-09 11:50:37,656 [WARNING] Kantuk terdeteksi! EAR=0.247 selama 67 frame
2026-03-09 11:50:46,079 [WARNING] Kantuk terdeteksi! EAR=0.244 selama 90 frame
2026-03-09 11:50:56,247 [INFO] Menguap terdeteksi! MAR=0.567
2026-03-09 11:51:00,345 [INFO] Menguap terdeteksi! MAR=0.649
2026-03-09 11:51:01,440 [WARNING] Kantuk terdeteksi! EAR=0.242 selama 84 frame
2026-03-09 11:51:02,872 [WARNING] Kantuk terdeteksi! EAR=0.243 selama 32 frame
2026-03-09 11:51:04,780 [WARNING] Kantuk terdeteksi! EAR=0.246 selama 37 frame
2026-03-09 11:51:06,057 [WARNING] Kantuk terdeteksi! EAR=0.241 selama 28 frame
2026-03-09 11:51:06,848 [INFO] Menguap terdeteksi! MAR=0.632
2026-03-09 11:51:10,201 [WARNING] Kantuk terdeteksi! EAR=0.241 selama 38 frame
2026-03-09 11:51:26,443 [INFO] Menguap terdeteksi! MAR=0.559
2026-03-09 11:51:33,019 [WARNING] Kantuk terdeteksi! EAR=0.249 selama 35 frame
2026-03-09 11:51:41,979 [WARNING] Kantuk terdeteksi! EAR=0.251 selama 72 frame
2026-03-09 11:51:43,089 [WARNING] Kantuk terdeteksi! EAR=0.266 selama 32 frame
2026-03-09 11:51:55,413 [INFO] Menguap terdeteksi! MAR=0.648
2026-03-09 11:51:59,608 [INFO] Menguap terdeteksi! MAR=0.628
2026-03-09 11:52:04,425 [INFO] Menguap terdeteksi! MAR=0.632
2026-03-09 11:52:05,175 [INFO] Menguap terdeteksi! MAR=0.548
2026-03-09 11:52:10,634 [WARNING] Kantuk terdeteksi! EAR=0.261 selama 54 frame
2026-03-09 11:52:17,168 [WARNING] Kantuk terdeteksi! EAR=0.242 selama 28 frame
2026-03-09 11:52:30,441 [WARNING] Kantuk terdeteksi! EAR=0.254 selama 37 frame
2026-03-09 11:52:46,141 [WARNING] Kantuk terdeteksi! EAR=0.243 selama 23 frame
2026-03-09 11:52:47,067 [WARNING] Kantuk terdeteksi! EAR=0.254 selama 20 frame
2026-03-09 11:52:48,370 [WARNING] Kantuk terdeteksi! EAR=0.324 selama 22 frame
2026-03-09 11:52:49,715 [WARNING] Kantuk terdeteksi! EAR=0.268 selama 32 frame
2026-03-09 11:53:09,586 [WARNING] Kantuk terdeteksi! EAR=0.248 selama 136 frame
2026-03-09 11:53:12,155 [INFO] Counter direset.
2026-03-09 11:53:13,507 [WARNING] Kantuk terdeteksi! EAR=0.258 selama 26 frame
2026-03-09 11:53:13,658 [INFO] Counter direset.
2026-03-09 11:53:14,237 [INFO] Keluar dari program.
2026-03-09 11:53:14,551 [INFO] Resource dibebaskan. Program selesai.
2026-03-09 12:55:23,741 [INFO] AlarmSystem initialized on Windows
2026-03-09 12:55:24,028 [INFO] DrowsinessDetector siap.
2026-03-09 12:55:24,029 [INFO] Platform: Windows
2026-03-09 12:55:27,735 [INFO] Kamera berhasil dibuka: 640x480
2026-03-09 12:55:28,146 [INFO] Sistem berjalan. Tekan 'q' untuk keluar, 'r' reset counter, 's' screenshot, 'l' toggle landmarks
2026-03-09 12:55:30,195 [WARNING] Kantuk terdeteksi! EAR=0.251 selama 38 frame
2026-03-09 12:55:32,081 [INFO] Kalibrasi selesai. Baseline EAR=0.203, Threshold=0.152
2026-03-09 12:55:32,114 [WARNING] Kantuk terdeteksi! EAR=0.177 selama 39 frame
2026-03-09 12:55:38,550 [WARNING] Kantuk terdeteksi! EAR=0.180 selama 34 frame
2026-03-09 12:55:48,639 [WARNING] Kantuk terdeteksi! EAR=0.202 selama 25 frame
2026-03-09 12:56:01,843 [INFO] Menguap terdeteksi! MAR=0.640
2026-03-09 12:56:04,335 [INFO] Menguap terdeteksi! MAR=0.614
2026-03-09 12:56:08,083 [WARNING] Kantuk terdeteksi! EAR=0.238 selama 33 frame
2026-03-09 12:56:18,612 [INFO] Menguap terdeteksi! MAR=0.586
2026-03-09 12:56:23,404 [INFO] Menguap terdeteksi! MAR=0.616
2026-03-09 12:56:35,471 [WARNING] Kantuk terdeteksi! EAR=0.208 selama 34 frame
2026-03-09 12:56:49,872 [WARNING] Kantuk terdeteksi! EAR=0.164 selama 49 frame
2026-03-09 12:56:59,856 [WARNING] Kantuk terdeteksi! EAR=0.218 selama 36 frame
2026-03-09 12:57:05,312 [WARNING] Kantuk terdeteksi! EAR=0.177 selama 34 frame
2026-03-09 12:57:09,138 [INFO] Menguap terdeteksi! MAR=0.622
2026-03-09 12:57:42,903 [WARNING] Kantuk terdeteksi! EAR=0.171 selama 36 frame
2026-03-09 12:57:57,603 [WARNING] Kantuk terdeteksi! EAR=0.152 selama 20 frame
2026-03-09 12:58:35,492 [INFO] Keluar dari program.
2026-03-09 12:58:35,823 [INFO] Resource dibebaskan. Program selesai.
2026-04-20 18:42:43,252 [INFO] AlarmSystem initialized on Windows
2026-04-20 18:42:43,568 [INFO] DrowsinessDetector siap.
2026-04-20 18:42:43,570 [INFO] Platform: Windows
2026-04-20 18:42:48,656 [INFO] Kamera berhasil dibuka: 640x480
2026-04-20 18:42:49,505 [INFO] Sistem berjalan. Tekan 'q' untuk keluar, 'r' reset counter, 's' screenshot, 'l' toggle landmarks
2026-04-20 18:42:58,760 [INFO] Kalibrasi selesai. Baseline EAR=0.243, Threshold=0.183
2026-04-20 18:43:11,225 [WARNING] Kantuk terdeteksi! EAR=0.302 selama 52 frame
2026-04-20 18:43:18,509 [INFO] Menguap terdeteksi! MAR=0.635
2026-04-20 18:43:21,383 [WARNING] Kantuk terdeteksi! EAR=0.218 selama 41 frame
2026-04-20 18:43:26,258 [INFO] Menguap terdeteksi! MAR=0.633
2026-04-20 18:43:32,954 [INFO] Menguap terdeteksi! MAR=0.595
2026-04-20 18:43:39,772 [WARNING] Kantuk terdeteksi! EAR=0.247 selama 31 frame
2026-04-20 18:43:42,572 [WARNING] Kantuk terdeteksi! EAR=0.184 selama 20 frame
2026-04-20 18:43:50,840 [WARNING] Kantuk terdeteksi! EAR=0.245 selama 46 frame
2026-04-20 18:44:06,610 [WARNING] Kantuk terdeteksi! EAR=0.199 selama 32 frame
2026-04-20 18:44:25,906 [WARNING] Kantuk terdeteksi! EAR=0.205 selama 30 frame
2026-04-20 18:44:28,095 [WARNING] Kantuk terdeteksi! EAR=0.200 selama 20 frame
2026-04-20 18:44:28,448 [INFO] Keluar dari program.
2026-04-20 18:44:29,625 [INFO] Resource dibebaskan. Program selesai.
